# Mass function for redshift 0.500000
# 1) mass (Msun/h)
# 2) n(m) (Mpc^-3 Msun^-1 h^4)
# 3) upper +1-sigma limit for n(m) (Mpc^-3 Msun^-1 h^4)
# 4) lower -1-sigma limit for n(m) (Mpc^-3 Msun^-1 h^4)
# 5) number of halos in the bin
# 6) analytical n(m) from Watson et al. 2013
#
    4.317023e+13   1.7041373e-18   1.7447351e-18   1.6635396e-18         1762    1.3697735e-18          2.0794664
   4.9629803e+13   1.4178577e-18   1.4702275e-18    1.365488e-18          733    9.9114928e-19          2.1361205
   5.5613697e+13   1.0735485e-18   1.1057711e-18   1.0413259e-18         1110    7.5785829e-19          2.1840466
   6.2037254e+13   8.8978794e-19   9.3127451e-19   8.4830136e-19          460     5.834368e-19          2.2315428
   6.8105526e+13   6.6443947e-19   6.8978942e-19   6.3908952e-19          687    4.6516894e-19          2.2732846
   7.6465033e+13   5.4644585e-19     5.69435e-19    5.234567e-19          565     3.496547e-19          2.3266524
   8.6644695e+13   3.9847025e-19   4.1449907e-19   3.8244143e-19          618    2.5541268e-19          2.3863143
   9.8997158e+13   2.9466166e-19   3.0844535e-19   2.8087797e-19          457    1.8138714e-19          2.4523901
   1.1104513e+14   2.5726477e-19   2.7014412e-19   2.4438543e-19          399    1.3417098e-19          2.5114568
   1.2405706e+14   1.5281141e-19   1.6273757e-19   1.4288524e-19          237    9.9677423e-20          2.5703973
   1.3825445e+14   1.2524732e-19   1.3302981e-19   1.1746483e-19          259    7.4064167e-20          2.6299668
   1.5467955e+14   1.0396979e-19   1.1106047e-19   9.6879106e-20          215    5.4056846e-20          2.6937843
   1.7411987e+14   8.0854643e-20   8.6447476e-20    7.526181e-20          209    3.8452297e-20          2.7635037
   1.9543278e+14   6.4799774e-20   6.9370397e-20    6.022915e-20          201     2.733275e-20           2.834005
   2.2027296e+14   4.0943141e-20   4.4576257e-20   3.7310024e-20          127    1.8994384e-20          2.9097826
   2.4655832e+14   3.5923116e-20   3.9073781e-20    3.277245e-20          130    1.3342152e-20          2.9838331
   2.7808669e+14   2.4317186e-20   2.6909407e-20   2.1724965e-20           88    9.0424573e-21          3.0658553
   3.0804177e+14   1.7408894e-20   1.9343216e-20   1.5474573e-20           81    6.4285552e-21          3.1381139
   3.4760249e+14   1.2379658e-20   1.3927116e-20   1.0832201e-20           64    4.2393114e-21          3.2265855
   3.8806448e+14   1.0251905e-20   1.1660112e-20   8.8436971e-21           53    2.8614782e-21          3.3103002
   4.3981828e+14    4.761407e-21   5.6031128e-21   3.9197012e-21           32     1.799191e-21           3.409229
   4.9629803e+14   4.6126131e-21   5.4410628e-21   3.7841633e-21           31    1.1284267e-21          3.5086715
   5.5332877e+14   2.2970069e-21   2.8239764e-21   1.7700374e-21           19    7.2886554e-22          3.6017067
   6.2329194e+14   1.9343216e-21   2.4034635e-21   1.4651797e-21           17    4.4273688e-22          3.7075315
   7.0198599e+14    1.527096e-21   1.9213905e-21   1.1328015e-21           15    2.6307572e-22          3.8175791
   7.8048773e+14   6.1546597e-22   8.4809023e-22    3.828417e-22            7    1.6200355e-22          3.9195567
   8.7679318e+14   8.0596734e-22   1.0608366e-21   5.5109809e-22           10    9.2859727e-23          4.0358872
   9.7439846e+14   3.4541457e-22   4.9988867e-22   1.9094048e-22            5    5.4728021e-23          4.1455896
    1.106331e+15   1.2895477e-22   2.2013957e-22   3.7769979e-23            2    2.8039344e-23          4.2830995
   1.2349549e+15   2.7633166e-22   3.9991093e-22   1.5275238e-22            5    1.5226836e-23           4.407327
   1.3851962e+15     5.09032e-23    1.018064e-22               0            1    7.7835225e-24          4.5423405
   1.5542157e+15               0               0               0            0     3.824808e-24          4.6834882
   1.7225677e+15   8.0596734e-23   1.3758723e-22   2.3606237e-23            2    1.9587712e-24          4.8146943
   1.9566417e+15               0               0               0            0    8.1391219e-25          4.9842978
   2.1953881e+15               0               0               0            0    3.4978116e-25          5.1446219
    2.463266e+15               0               0               0            0    1.4256825e-25           5.312033
   2.7638299e+15    2.512106e-23    5.024212e-23               0            1     5.484892e-26          5.4869116
   3.1010681e+15               0               0               0            0    1.9812421e-26          5.6696612
   3.4794556e+15               0               0               0            0    6.6805059e-27          5.8607106
   3.9040134e+15               0               0               0            0    2.0893296e-27          6.0605155
   4.3803751e+15               0               0               0            0    6.0181778e-28          6.2695625
