# Mass function for redshift 2.000000
# 1) mass (Msun/h)
# 2) n(m) (Mpc^-3 Msun^-1 h^4)
# 3) upper +1-sigma limit for n(m) (Mpc^-3 Msun^-1 h^4)
# 4) lower -1-sigma limit for n(m) (Mpc^-3 Msun^-1 h^4)
# 5) number of halos in the bin
# 6) analytical n(m) from Watson et al. 2013
#
    4.317023e+13   1.7041373e-18   1.7447351e-18   1.6635396e-18         1762    6.5589977e-20           3.744417
   4.9629803e+13   1.4178577e-18   1.4702275e-18    1.365488e-18          733     3.811976e-20           3.846432
   5.5613697e+13   1.0735485e-18   1.1057711e-18   1.0413259e-18         1110    2.4088665e-20          3.9327307
   6.2037254e+13   8.8978794e-19   9.3127451e-19   8.4830136e-19          460    1.5280336e-20          4.0182553
   6.8105526e+13   6.6443947e-19   6.8978942e-19   6.3908952e-19          687    1.0237213e-20          4.0934183
   7.6465033e+13   5.4644585e-19     5.69435e-19    5.234567e-19          565     6.128171e-21          4.1895156
   8.6644695e+13   3.9847025e-19   4.1449907e-19   3.8244143e-19          618    3.4466656e-21          4.2969466
   9.8997158e+13   2.9466166e-19   3.0844535e-19   2.8087797e-19          457    1.8169973e-21          4.4159268
   1.1104513e+14   2.5726477e-19   2.7014412e-19   2.4438543e-19          399    1.0220608e-21           4.522286
   1.2405706e+14   1.5281141e-19   1.6273757e-19   1.4288524e-19          237    5.7371579e-22           4.628418
   1.3825445e+14   1.2524732e-19   1.3302981e-19   1.1746483e-19          259    3.1887116e-22          4.7356824
   1.5467955e+14   1.0396979e-19   1.1106047e-19   9.6879106e-20          215    1.6918221e-22          4.8505963
   1.7411987e+14   8.0854643e-20   8.6447476e-20    7.526181e-20          209    8.4156437e-23          4.9761374
   1.9543278e+14   6.4799774e-20   6.9370397e-20    6.022915e-20          201    4.1257815e-23          5.1030864
   2.2027296e+14   4.0943141e-20   4.4576257e-20   3.7310024e-20          127     1.902255e-23          5.2395364
   2.4655832e+14   3.5923116e-20   3.9073781e-20    3.277245e-20          130    8.8511379e-24          5.3728762
   2.7808669e+14   2.4317186e-20   2.6909407e-20   2.1724965e-20           88    3.7537557e-24          5.5205706
   3.0804177e+14   1.7408894e-20   1.9343216e-20   1.5474573e-20           81    1.7465664e-24           5.650684
   3.4760249e+14   1.2379658e-20   1.3927116e-20   1.0832201e-20           64    6.7593832e-25          5.8099914
   3.8806448e+14   1.0251905e-20   1.1660112e-20   8.8436971e-21           53    2.7169081e-25          5.9607332
   4.3981828e+14    4.761407e-21   5.6031128e-21   3.9197012e-21           32    9.0965143e-26          6.1388706
   4.9629803e+14   4.6126131e-21   5.4410628e-21   3.7841633e-21           31    2.9705229e-26           6.317933
   5.5332877e+14   2.2970069e-21   2.8239764e-21   1.7700374e-21           19     1.023961e-26           6.485458
   6.2329194e+14   1.9343216e-21   2.4034635e-21   1.4651797e-21           17    2.9833954e-27          6.6760127
   7.0198599e+14    1.527096e-21   1.9213905e-21   1.1328015e-21           15    8.0697626e-28          6.8741713
   7.8048773e+14   6.1546597e-22   8.4809023e-22    3.828417e-22            7    2.3469846e-28          7.0577987
   8.7679318e+14   8.0596734e-22   1.0608366e-21   5.5109809e-22           10    5.5785571e-29          7.2672705
   9.7439846e+14   3.4541457e-22   4.9988867e-22   1.9094048e-22            5    1.3996315e-29          7.4648075
    1.106331e+15   1.2895477e-22   2.2013957e-22   3.7769979e-23            2    2.3793106e-30          7.7124165
   1.2349549e+15   2.7633166e-22   3.9991093e-22   1.5275238e-22            5    4.6223925e-31          7.9361083
   1.3851962e+15     5.09032e-23    1.018064e-22               0            1    7.4754266e-32          8.1792219
   1.5542157e+15               0               0               0            0    1.0624404e-32          8.4333814
   1.7225677e+15   8.0596734e-23   1.3758723e-22   2.3606237e-23            2    1.6594567e-33          8.6696393
   1.9566417e+15               0               0               0            0    1.4147221e-34          8.9750379
   2.1953881e+15               0               0               0            0    1.2930485e-35          9.2637275
    2.463266e+15               0               0               0            0     9.931561e-37          9.5651784
   2.7638299e+15    2.512106e-23    5.024212e-23               0            1    6.3111854e-38          9.8800757
   3.1010681e+15               0               0               0            0    3.2617955e-39          10.209146
   3.4794556e+15               0               0               0            0    1.3454694e-40          10.553162
   3.9040134e+15               0               0               0            0    4.3386437e-42          10.912943
   4.3803751e+15               0               0               0            0    1.0689378e-43          11.289366
