# Mass function for redshift 0.000000
# 1) mass (Msun/h)
# 2) n(m) (Mpc^-3 Msun^-1 h^4)
# 3) upper +1-sigma limit for n(m) (Mpc^-3 Msun^-1 h^4)
# 4) lower -1-sigma limit for n(m) (Mpc^-3 Msun^-1 h^4)
# 5) number of halos in the bin
# 6) analytical n(m) from Watson et al. 2013
#
    4.317023e+13   1.7041373e-18   1.7447351e-18   1.6635396e-18         1762    1.9003855e-18          1.6404208
   4.9629803e+13   1.4178577e-18   1.4702275e-18    1.365488e-18          733    1.4204429e-18          1.6851134
   5.5613697e+13   1.0735485e-18   1.1057711e-18   1.0413259e-18         1110    1.1174985e-18          1.7229206
   6.2037254e+13   8.8978794e-19   9.3127451e-19   8.4830136e-19          460    8.8577125e-19          1.7603888
   6.8105526e+13   6.6443947e-19   6.8978942e-19   6.3908952e-19          687    7.2510764e-19          1.7933175
   7.6465033e+13   5.4644585e-19     5.69435e-19    5.234567e-19          565    5.6433053e-19          1.8354175
   8.6644695e+13   3.9847025e-19   4.1449907e-19   3.8244143e-19          618    4.2914679e-19          1.8824828
   9.8997158e+13   2.9466166e-19   3.0844535e-19   2.8087797e-19          457    3.1917616e-19          1.9346078
   1.1104513e+14   2.5726477e-19   2.7014412e-19   2.4438543e-19          399    2.4640103e-19          1.9812035
   1.2405706e+14   1.5281141e-19   1.6273757e-19   1.4288524e-19          237    1.9128683e-19          2.0276997
   1.3825445e+14   1.2524732e-19   1.3302981e-19   1.1746483e-19          259    1.4879607e-19           2.074692
   1.5467955e+14   1.0396979e-19   1.1106047e-19   9.6879106e-20          215     1.142342e-19          2.1250355
   1.7411987e+14   8.0854643e-20   8.6447476e-20    7.526181e-20          209    8.6024064e-20          2.1800348
   1.9543278e+14   6.4799774e-20   6.9370397e-20    6.022915e-20          201    6.4894666e-20          2.2356509
   2.2027296e+14   4.0943141e-20   4.4576257e-20   3.7310024e-20          127    4.8172405e-20          2.2954293
   2.4655832e+14   3.5923116e-20   3.9073781e-20    3.277245e-20          130     3.616368e-20          2.3538452
   2.7808669e+14   2.4317186e-20   2.6909407e-20   2.1724965e-20           88    2.6443598e-20          2.4185498
   3.0804177e+14   1.7408894e-20   1.9343216e-20   1.5474573e-20           81    2.0140789e-20          2.4755521
   3.4760249e+14   1.2379658e-20   1.3927116e-20   1.0832201e-20           64     1.448777e-20          2.5453444
   3.8806448e+14   1.0251905e-20   1.1660112e-20   8.8436971e-21           53    1.0644273e-20           2.611384
   4.3981828e+14    4.761407e-21   5.6031128e-21   3.9197012e-21           32    7.4214533e-21          2.6894256
   4.9629803e+14   4.6126131e-21   5.4410628e-21   3.7841633e-21           31    5.1819723e-21          2.7678725
   5.5332877e+14   2.2970069e-21   2.8239764e-21   1.7700374e-21           19    3.7121048e-21          2.8412648
   6.2329194e+14   1.9343216e-21   2.4034635e-21   1.4651797e-21           17    2.5457687e-21          2.9247464
   7.0198599e+14    1.527096e-21   1.9213905e-21   1.1328015e-21           15     1.723135e-21          3.0115592
   7.8048773e+14   6.1546597e-22   8.4809023e-22    3.828417e-22            7    1.2016427e-21           3.092006
   8.7679318e+14   8.0596734e-22   1.0608366e-21   5.5109809e-22           10    7.9718021e-22          3.1837751
   9.7439846e+14   3.4541457e-22   4.9988867e-22   1.9094048e-22            5    5.4151729e-22          3.2703156
    1.106331e+15   1.2895477e-22   2.2013957e-22   3.7769979e-23            2    3.3338807e-22          3.3787926
   1.2349549e+15   2.7633166e-22   3.9991093e-22   1.5275238e-22            5    2.1489257e-22          3.4767915
   1.3851962e+15     5.09032e-23    1.018064e-22               0            1    1.3310864e-22           3.583299
   1.5542157e+15               0               0               0            0    8.0473408e-23          3.6946457
   1.7225677e+15   8.0596734e-23   1.3758723e-22   2.3606237e-23            2    5.0264597e-23          3.7981498
   1.9566417e+15               0               0               0            0    2.7225597e-23          3.9319442
   2.1953881e+15               0               0               0            0    1.5163248e-23          4.0584185
    2.463266e+15               0               0               0            0    8.1751552e-24          4.1904835
   2.7638299e+15    2.512106e-23    5.024212e-23               0            1    4.2539021e-24          4.3284393
   3.1010681e+15               0               0               0            0    2.1293035e-24          4.4726043
   3.4794556e+15               0               0               0            0    1.0215903e-24          4.6233167
   3.9040134e+15               0               0               0            0    4.6792607e-25           4.780936
   4.3803751e+15               0               0               0            0    2.0371901e-25          4.9458462
