# Mass function for redshift 1.000000
# 1) mass (Msun/h)
# 2) n(m) (Mpc^-3 Msun^-1 h^4)
# 3) upper +1-sigma limit for n(m) (Mpc^-3 Msun^-1 h^4)
# 4) lower -1-sigma limit for n(m) (Mpc^-3 Msun^-1 h^4)
# 5) number of halos in the bin
# 6) analytical n(m) from Watson et al. 2013
#
    4.317023e+13   1.7041373e-18   1.7447351e-18   1.6635396e-18         1762    7.1707763e-19          2.6000014
   4.9629803e+13   1.4178577e-18   1.4702275e-18    1.365488e-18          733    4.9209828e-19          2.6708374
   5.5613697e+13   1.0735485e-18   1.1057711e-18   1.0413259e-18         1110    3.5927725e-19          2.7307604
   6.2037254e+13   8.8978794e-19   9.3127451e-19   8.4830136e-19          460    2.6387456e-19          2.7901459
   6.8105526e+13   6.6443947e-19   6.8978942e-19   6.3908952e-19          687    2.0165386e-19          2.8423366
   7.6465033e+13   5.4644585e-19     5.69435e-19    5.234567e-19          565    1.4338286e-19          2.9090635
   8.6644695e+13   3.9847025e-19   4.1449907e-19   3.8244143e-19          618    9.8247294e-20          2.9836601
   9.8997158e+13   2.9466166e-19   3.0844535e-19   2.8087797e-19          457     6.485559e-20           3.066276
   1.1104513e+14   2.5726477e-19   2.7014412e-19   2.4438543e-19          399    4.4850979e-20          3.1401284
   1.2405706e+14   1.5281141e-19   1.6273757e-19   1.4288524e-19          237    3.1098877e-20           3.213823
   1.3825445e+14   1.2524732e-19   1.3302981e-19   1.1746483e-19          259     2.151117e-20          3.2883039
   1.5467955e+14   1.0396979e-19   1.1106047e-19   9.6879106e-20          215    1.4511193e-20          3.3680964
   1.7411987e+14   8.0854643e-20   8.6447476e-20    7.526181e-20          209     9.448382e-21          3.4552681
   1.9543278e+14   6.4799774e-20   6.9370397e-20    6.022915e-20          201    6.1257818e-21          3.5434173
   2.2027296e+14   4.0943141e-20   4.4576257e-20   3.7310024e-20          127    3.8452093e-21          3.6381637
   2.4655832e+14   3.5923116e-20   3.9073781e-20    3.277245e-20          130    2.4384499e-21          3.7307506
   2.7808669e+14   2.4317186e-20   2.6909407e-20   2.1724965e-20           88    1.4708715e-21          3.8333048
   3.0804177e+14   1.7408894e-20   1.9343216e-20   1.5474573e-20           81    9.4102449e-22          3.9236512
   3.4760249e+14   1.2379658e-20   1.3927116e-20   1.0832201e-20           64    5.4343938e-22          4.0342692
   3.8806448e+14   1.0251905e-20   1.1660112e-20   8.8436971e-21           53    3.2236197e-22          4.1389394
   4.3981828e+14    4.761407e-21   5.6031128e-21   3.9197012e-21           32    1.7321001e-22          4.2626322
   4.9629803e+14   4.6126131e-21   5.4410628e-21   3.7841633e-21           31    9.2305159e-23          4.3869673
   5.5332877e+14   2.2970069e-21   2.8239764e-21   1.7700374e-21           19    5.0966806e-23          4.5032912
   6.2329194e+14   1.9343216e-21   2.4034635e-21   1.4651797e-21           17    2.5766255e-23          4.6356062
   7.0198599e+14    1.527096e-21   1.9213905e-21   1.1328015e-21           15    1.2575589e-23          4.7732011
   7.8048773e+14   6.1546597e-22   8.4809023e-22    3.828417e-22            7    6.4190895e-24           4.900706
   8.7679318e+14   8.0596734e-22   1.0608366e-21   5.5109809e-22           10    2.9519131e-24          5.0461564
   9.7439846e+14   3.4541457e-22   4.9988867e-22   1.9094048e-22            5    1.4048504e-24          5.1833197
    1.106331e+15   1.2895477e-22   2.2013957e-22   3.7769979e-23            2    5.4599843e-25          5.3552513
   1.2349549e+15   2.7633166e-22   3.9991093e-22   1.5275238e-22            5    2.2918526e-25          5.5105756
   1.3851962e+15     5.09032e-23    1.018064e-22               0            1    8.7800837e-26          5.6793858
   1.5542157e+15               0               0               0            0    3.1613715e-26          5.8558659
   1.7225677e+15   8.0596734e-23   1.3758723e-22   2.3606237e-23            2    1.2021038e-26          6.0199157
   1.9566417e+15               0               0               0            0     3.357529e-27          6.2319746
   2.1953881e+15               0               0               0            0    9.7859648e-28          6.4324312
    2.463266e+15               0               0               0            0      2.62411e-28           6.641749
   2.7638299e+15    2.512106e-23    5.024212e-23               0            1    6.4252665e-29          6.8604034
   3.1010681e+15               0               0               0            0    1.4247692e-29          7.0888991
   3.4794556e+15               0               0               0            0    2.8353006e-30          7.3277723
   3.9040134e+15               0               0               0            0    5.0131802e-31          7.5775926
   4.3803751e+15               0               0               0            0    7.7892208e-32          7.8389687
